ERR
#bad parameter : "caribou" is not a valid radius
ERR
#bad parameter : "robocop" is not a valid Y coordinate
ERR
#bad parameter : "cepe" is not a valid X coordinate
ERR
#bad parameter : "-42" is not a valid radius