ERR
#bad parameter : "canard" is not a valid X coordinate
ERR
#bad parameter : "poulet" is not a valid Y coordinate
ERR
#bad parameter : "wifi" is not a valid X coordinate
ERR
#bad parameter : "h√©ritage" is not a valid X coordinate
