OK
#New object: r01
OK
#Object sucessfully moved
OK
#Object sucessfully moved
OK
#Object sucessfully moved
OK
#Object sucessfully moved
OK
#Object sucessfully moved
OK
#Object sucessfully moved
OK
#Object sucessfully moved
OK
#Object sucessfully moved
OK
#Object sucessfully moved
OK
#Object sucessfully moved
OK
#Object sucessfully moved
OK
#Object sucessfully moved
OK
#Object sucessfully moved
OK
#Object sucessfully moved
OK
#Object sucessfully moved
OK
#Object sucessfully moved
OK
#Object sucessfully moved
OK
#Object sucessfully moved
OK
#Object sucessfully moved
OK
#Object sucessfully moved
OK
#Object sucessfully moved
OK
#Object sucessfully moved
R r01 32 32 27 27
OK
#Last command successfully 'undo'ed
R r01 31 31 26 26
OK
#Last command successfully 'redo'ed
R r01 32 32 27 27
OK
#Last command successfully 'undo'ed
OK
#Last command successfully 'undo'ed
OK
#Last command successfully 'undo'ed
OK
#Last command successfully 'undo'ed
OK
#Last command successfully 'undo'ed
OK
#Last command successfully 'undo'ed
OK
#Last command successfully 'undo'ed
OK
#Last command successfully 'undo'ed
OK
#Last command successfully 'undo'ed
OK
#Last command successfully 'undo'ed
OK
#Last command successfully 'undo'ed
OK
#Last command successfully 'undo'ed
OK
#Last command successfully 'undo'ed
OK
#Last command successfully 'undo'ed
OK
#Last command successfully 'undo'ed
OK
#Last command successfully 'undo'ed
OK
#Last command successfully 'undo'ed
OK
#Last command successfully 'undo'ed
OK
#Last command successfully 'undo'ed
OK
#Last command successfully 'undo'ed
R r01 12 12 7 7
OK
#Last command successfully 'redo'ed
OK
#Last command successfully 'redo'ed
OK
#Last command successfully 'redo'ed
OK
#Last command successfully 'redo'ed
OK
#Last command successfully 'redo'ed
OK
#Last command successfully 'redo'ed
OK
#Last command successfully 'redo'ed
OK
#Last command successfully 'redo'ed
OK
#Last command successfully 'redo'ed
OK
#Last command successfully 'redo'ed
OK
#Last command successfully 'redo'ed
OK
#Last command successfully 'redo'ed
OK
#Last command successfully 'redo'ed
OK
#Last command successfully 'redo'ed
OK
#Last command successfully 'redo'ed
OK
#Last command successfully 'redo'ed
OK
#Last command successfully 'redo'ed
OK
#Last command successfully 'redo'ed
OK
#Last command successfully 'redo'ed
OK
#Last command successfully 'redo'ed
R r01 32 32 27 27
