OK
#model saved in "save01.txt"
OK
#New object: r01
OK
#New object: r02
OK
#New object: c01
OK
#model saved in "save.txt"
