OK
#file successfully loaded
C c01 10 10 4
L pl01 1 2 3 4 5 6 7 8 9 10
R r01 5 6 7 0
OK
#file successfully loaded
C c01 10 10 4
C c02 15 15 3
L pl01 1 2 3 4 5 6 7 8 9 10
R r01 5 6 7 0
R r02 1 3 7 42
