ERR
#"canard" is not a valid parameter for dX
ERR
#"TP" is not a valid parameter for dY
