ERR
#bad parameter : "caribou" is not a valid X coordinate
ERR
#bad parameter : "linux" is not a valid Y coordinate
ERR
#bad parameter : "pinguoin" is not a valid X coordinate
ERR
#bad parameter : "marmelade" is not a valid Y coordinate
