ERR
#File loading failed
ERR
#File loading failed
