ERR
#bad parameter : "caribou" is not a valid Y coordinate
ERR
#bad parameter : "robocop" is not a valid X coordinate