ERR
#bad parameter : "caribou" is not a valid Y coordinate
ERR
#bad parameter : "robocop" is not a valid X coordinate
ERR
#bad parameter : "cepe" is not a valid Y coordinate
ERR
#bad parameter : "polymerisation" is not a valid X coordinate