ERR
#file "/dev/save.txt" couldn't be opened in write mode
