OK
#New object: r01
OK
#New object: s01
OK
#Last command successfully 'undo'ed
