OK
#Objects cleared
OK
#New object: r01
OK
#New object: c01
OK
#New object: l01
OK
#New object: pl01
OK
#Objects cleared
