OK
#New object: s00
OK
#New object: r01
OK
#New object: c01
OK
#New object: l01
OK
#New object: pl01
OK
#New object: s01
